warning: unused import: `async_trait::async_trait`
 --> src/services/improved_phone_auth.rs:2:5
  |
2 | use async_trait::async_trait;
  |     ^^^^^^^^^^^^^^^^^^^^^^^^
  |
  = note: `#[warn(unused_imports)]` on by default

warning: unused variable: `phone_entered`
   --> src/services/auth_service.rs:278:13
    |
278 |         let phone_entered = if page.find_element("text='Enter...
    |             ^^^^^^^^^^^^^ help: if this is intentional, prefix it with an underscore: `_phone_entered`
    |
    = note: `#[warn(unused_variables)]` on by default

warning: `wae-rust` (lib) generated 2 warnings (run `cargo fix --lib -p wae-rust` to apply 1 suggestion)
    Finished `dev` profile [unoptimized + debuginfo] target(s) in 1.19s
     Running `target/debug/wae-rust`
[2m2025-06-17T13:39:50.293765Z[0m [32m INFO[0m [2mwae_rust[0m[2m:[0m Starting WhatsApp Engine - Rust Edition
[2m2025-06-17T13:39:50.293879Z[0m [32m INFO[0m [2mwae_rust[0m[2m:[0m Server will listen on 0.0.0.0:3000
[2m2025-06-17T13:39:50.293933Z[0m [32m INFO[0m [2mwae_rust::services::whatsapp[0m[2m:[0m Initializing WhatsApp service
[2m2025-06-17T13:39:53.612860Z[0m [32m INFO[0m [2mwae_rust::services::browser[0m[2m:[0m Launching Chrome browser with chromiumoxide...
[2m2025-06-17T13:39:56.076853Z[0m [32m INFO[0m [2mwae_rust::services::browser[0m[2m:[0m Browser launched successfully with chromiumoxide
[2m2025-06-17T13:39:56.077367Z[0m [32m INFO[0m [2mwae_rust::services::whatsapp[0m[2m:[0m WhatsApp service initialized successfully
[2m2025-06-17T13:39:56.077407Z[0m [32m INFO[0m [2mwae_rust[0m[2m:[0m WhatsApp service initialized successfully
[2m2025-06-17T13:39:56.079388Z[0m [32m INFO[0m [2mwae_rust[0m[2m:[0m 🚀 Server is running!
[2m2025-06-17T13:39:56.079432Z[0m [32m INFO[0m [2mwae_rust[0m[2m:[0m 📖 API Documentation: http://0.0.0.0:3000/swagger-ui/
[2m2025-06-17T13:39:56.079452Z[0m [32m INFO[0m [2mwae_rust[0m[2m:[0m 🔗 OpenAPI Spec: http://0.0.0.0:3000/api-docs/openapi.json
[2m2025-06-17T13:43:24.934237Z[0m [32m INFO[0m [2mwae_rust::handlers::auth[0m[2m:[0m QR code generated successfully
[2m2025-06-17T13:43:37.653891Z[0m [32m INFO[0m [2mwae_rust::services::auth_service[0m[2m:[0m Starting phone authentication for: +919501005734
[2m2025-06-17T13:43:56.105595Z[0m [31mERROR[0m [2mwae_rust::handlers::auth[0m[2m:[0m Error with phone authentication: Timeout waiting for link code element - please check your phone for WhatsApp notifications
